../USB_DEVICE/Target/usbd_conf.c:69:6:HAL_PCD_MspInit	48	static
../USB_DEVICE/Target/usbd_conf.c:120:6:HAL_PCD_MspDeInit	24	static
../USB_DEVICE/Target/usbd_conf.c:166:6:HAL_PCD_SetupStageCallback	16	static
../USB_DEVICE/Target/usbd_conf.c:181:6:HAL_PCD_DataOutStageCallback	16	static
../USB_DEVICE/Target/usbd_conf.c:196:6:HAL_PCD_DataInStageCallback	16	static
../USB_DEVICE/Target/usbd_conf.c:210:6:HAL_PCD_SOFCallback	16	static
../USB_DEVICE/Target/usbd_conf.c:224:6:HAL_PCD_ResetCallback	24	static
../USB_DEVICE/Target/usbd_conf.c:249:6:HAL_PCD_SuspendCallback	16	static
../USB_DEVICE/Target/usbd_conf.c:274:6:HAL_PCD_ResumeCallback	16	static
../USB_DEVICE/Target/usbd_conf.c:299:6:HAL_PCD_ISOOUTIncompleteCallback	16	static
../USB_DEVICE/Target/usbd_conf.c:314:6:HAL_PCD_ISOINIncompleteCallback	16	static
../USB_DEVICE/Target/usbd_conf.c:328:6:HAL_PCD_ConnectCallback	16	static
../USB_DEVICE/Target/usbd_conf.c:342:6:HAL_PCD_DisconnectCallback	16	static
../USB_DEVICE/Target/usbd_conf.c:357:20:USBD_LL_Init	16	static
../USB_DEVICE/Target/usbd_conf.c:408:20:USBD_LL_DeInit	24	static
../USB_DEVICE/Target/usbd_conf.c:440:20:USBD_LL_Start	24	static
../USB_DEVICE/Target/usbd_conf.c:472:20:USBD_LL_Stop	24	static
../USB_DEVICE/Target/usbd_conf.c:507:20:USBD_LL_OpenEP	24	static
../USB_DEVICE/Target/usbd_conf.c:540:20:USBD_LL_CloseEP	24	static
../USB_DEVICE/Target/usbd_conf.c:573:20:USBD_LL_FlushEP	24	static
../USB_DEVICE/Target/usbd_conf.c:606:20:USBD_LL_StallEP	24	static
../USB_DEVICE/Target/usbd_conf.c:639:20:USBD_LL_ClearStallEP	24	static
../USB_DEVICE/Target/usbd_conf.c:672:9:USBD_LL_IsStallEP	24	static
../USB_DEVICE/Target/usbd_conf.c:692:20:USBD_LL_SetUSBAddress	24	static
../USB_DEVICE/Target/usbd_conf.c:727:20:USBD_LL_Transmit	32	static
../USB_DEVICE/Target/usbd_conf.c:762:20:USBD_LL_PrepareReceive	32	static
../USB_DEVICE/Target/usbd_conf.c:795:10:USBD_LL_GetRxDataSize	16	static
../USB_DEVICE/Target/usbd_conf.c:804:6:HAL_GPIO_EXTI_Callback	16	static
../USB_DEVICE/Target/usbd_conf.c:818:6:HAL_PCDEx_LPM_Callback	16	static
../USB_DEVICE/Target/usbd_conf.c:853:6:USBD_LL_Delay	16	static
../USB_DEVICE/Target/usbd_conf.c:863:7:USBD_static_malloc	16	static
../USB_DEVICE/Target/usbd_conf.c:874:6:USBD_static_free	16	static
../USB_DEVICE/Target/usbd_conf.c:885:13:SystemClockConfig_Resume	8	static
