../Core/Src/main.c:112:6:IMU_INIT	16	static
../Core/Src/main.c:119:9:GYRO_READ_DIR	24	static
../Core/Src/main.c:143:5:main	8	static
../Core/Src/main.c:243:6:SystemClock_Config	96	static
../Core/Src/main.c:292:6:PeriphCommonClock_Config	152	static
../Core/Src/main.c:319:13:MX_ADC1_Init	48	static
../Core/Src/main.c:386:13:MX_CAN1_Init	8	static
../Core/Src/main.c:423:13:MX_CAN2_Init	8	static
../Core/Src/main.c:460:13:MX_I2C2_Init	8	static
../Core/Src/main.c:508:13:MX_SPI1_Init	8	static
../Core/Src/main.c:548:13:MX_USB_OTG_FS_PCD_Init	8	static
../Core/Src/main.c:583:13:MX_GPIO_Init	40	static
../Core/Src/main.c:650:6:StartlLightControl	16	static
../Core/Src/main.c:671:6:StartCarData	16	static
../Core/Src/main.c:689:6:SendData	16	static
../Core/Src/main.c:707:6:StartMotorInput	16	static
../Core/Src/main.c:737:6:StartSensor	16	static
../Core/Src/main.c:756:6:HAL_TIM_PeriodElapsedCallback	16	static
../Core/Src/main.c:773:6:Error_Handler	4	static,ignoring_inline_asm
