../Core/Src/stm32l4xx_it.c:73:6:NMI_Handler	4	static
../Core/Src/stm32l4xx_it.c:88:6:HardFault_Handler	4	static
../Core/Src/stm32l4xx_it.c:103:6:MemManage_Handler	4	static
../Core/Src/stm32l4xx_it.c:118:6:BusFault_Handler	4	static
../Core/Src/stm32l4xx_it.c:133:6:UsageFault_Handler	4	static
../Core/Src/stm32l4xx_it.c:148:6:DebugMon_Handler	4	static
../Core/Src/stm32l4xx_it.c:168:6:EXTI4_IRQHandler	8	static
../Core/Src/stm32l4xx_it.c:182:6:DMA1_Channel1_IRQHandler	8	static
../Core/Src/stm32l4xx_it.c:196:6:ADC1_2_IRQHandler	8	static
../Core/Src/stm32l4xx_it.c:210:6:TIM7_IRQHandler	8	static
../Core/Src/stm32l4xx_it.c:224:6:OTG_FS_IRQHandler	8	static
